[    0.000000] Initializing cgroup subsys cpuset
[    0.000000] Initializing cgroup subsys cpu
[    0.000000] Initializing cgroup subsys cpuacct
[    0.000000] Linux version 4.4.0-96-generic (buildd@lgw01-10) (gcc version 5.4.0 20160609 (Ubuntu 5.4.0-6ubuntu1~16.04.4) ) #119-Ubuntu SMP Tue Sep 12 14:59:54 UTC 2017 (Ubuntu 4.4.0-96.119-generic 4.4.83)
[    0.000000] Command line: BOOT_IMAGE=/boot/vmlinuz-4.4.0-96-generic root=LABEL=cloudimg-rootfs ro console=tty1 console=ttyS0
[    0.000000] KERNEL supported cpus:
[    0.000000]   Intel GenuineIntel
[    0.000000]   AMD AuthenticAMD
[    0.000000]   Centaur CentaurHauls
[    0.000000] x86/fpu: Legacy x87 FPU detected.
[    0.000000] x86/fpu: Using 'lazy' FPU context switches.
[    0.000000] e820: BIOS-provided physical RAM map:
[    0.000000] BIOS-e820: [mem 0x0000000000000000-0x000000000009fbff] usable
[    0.000000] BIOS-e820: [mem 0x000000000009fc00-0x000000000009ffff] reserved
[    0.000000] BIOS-e820: [mem 0x00000000000f0000-0x00000000000fffff] reserved
[    0.000000] BIOS-e820: [mem 0x0000000000100000-0x000000001ffeffff] usable
[    0.000000] BIOS-e820: [mem 0x000000001fff0000-0x000000001fffffff] ACPI data
[    0.000000] BIOS-e820: [mem 0x00000000fec00000-0x00000000fec00fff] reserved
[    0.000000] BIOS-e820: [mem 0x00000000fee00000-0x00000000fee00fff] reserved
[    0.000000] BIOS-e820: [mem 0x00000000fffc0000-0x00000000ffffffff] reserved
[    0.000000] NX (Execute Disable) protection: active
[    0.000000] SMBIOS 2.5 present.
[    0.000000] Hypervisor detected: KVM
[    0.000000] e820: last_pfn = 0x1fff0 max_arch_pfn = 0x400000000
[    0.000000] MTRR: Disabled
[    0.000000] x86/PAT: MTRRs disabled, skipping PAT initialization too.
[    0.000000] CPU MTRRs all blank - virtualized system.
[    0.000000] x86/PAT: Configuration [0-7]: WB  WT  UC- UC  WB  WT  UC- UC  
[    0.000000] found SMP MP-table at [mem 0x0009fff0-0x0009ffff] mapped at [ffff88000009fff0]
[    0.000000] Scanning 1 areas for low memory corruption
[    0.000000] RAMDISK: [mem 0x1ece4000-0x1f757fff]
[    0.000000] ACPI: Early table checksum verification disabled
[    0.000000] ACPI: RSDP 0x00000000000E0000 000024 (v02 VBOX  )
[    0.000000] ACPI: XSDT 0x000000001FFF0030 00003C (v01 VBOX   VBOXXSDT 00000001 ASL  00000061)
[    0.000000] ACPI: FACP 0x000000001FFF00F0 0000F4 (v04 VBOX   VBOXFACP 00000001 ASL  00000061)
[    0.000000] ACPI: DSDT 0x000000001FFF0470 0021C8 (v02 VBOX   VBOXBIOS 00000002 INTL 20100528)
[    0.000000] ACPI: FACS 0x000000001FFF0200 000040
[    0.000000] ACPI: FACS 0x000000001FFF0200 000040
[    0.000000] ACPI: APIC 0x000000001FFF0240 00005C (v02 VBOX   VBOXAPIC 00000001 ASL  00000061)
[    0.000000] ACPI: SSDT 0x000000001FFF02A0 0001CC (v01 VBOX   VBOXCPUT 00000002 INTL 20100528)
[    0.000000] No NUMA configuration found
[    0.000000] Faking a node at [mem 0x0000000000000000-0x000000001ffeffff]
[    0.000000] NODE_DATA(0) allocated [mem 0x1ffeb000-0x1ffeffff]
[    0.000000] kvm-clock: Using msrs 4b564d01 and 4b564d00
[    0.000000] kvm-clock: cpu 0, msr 0:1ffe3001, primary cpu clock
[    0.000000] kvm-clock: using sched offset of 3250986783 cycles
[    0.000000] clocksource: kvm-clock: mask: 0xffffffffffffffff max_cycles: 0x1cd42e4dffb, max_idle_ns: 881590591483 ns
[    0.000000] Zone ranges:
[    0.000000]   DMA      [mem 0x0000000000001000-0x0000000000ffffff]
[    0.000000]   DMA32    [mem 0x0000000001000000-0x000000001ffeffff]
[    0.000000]   Normal   empty
[    0.000000]   Device   empty
[    0.000000] Movable zone start for each node
[    0.000000] Early memory node ranges
[    0.000000]   node   0: [mem 0x0000000000001000-0x000000000009efff]
[    0.000000]   node   0: [mem 0x0000000000100000-0x000000001ffeffff]
[    0.000000] Initmem setup node 0 [mem 0x0000000000001000-0x000000001ffeffff]
[    0.000000] ACPI: PM-Timer IO Port: 0x4008
[    0.000000] IOAPIC[0]: apic_id 2, version 32, address 0xfec00000, GSI 0-23
[    0.000000] ACPI: INT_SRC_OVR (bus 0 bus_irq 0 global_irq 2 dfl dfl)
[    0.000000] ACPI: INT_SRC_OVR (bus 0 bus_irq 9 global_irq 9 high level)
[    0.000000] Using ACPI (MADT) for SMP configuration information
[    0.000000] smpboot: Allowing 2 CPUs, 0 hotplug CPUs
[    0.000000] PM: Registered nosave memory: [mem 0x00000000-0x00000fff]
[    0.000000] PM: Registered nosave memory: [mem 0x0009f000-0x0009ffff]
[    0.000000] PM: Registered nosave memory: [mem 0x000a0000-0x000effff]
[    0.000000] PM: Registered nosave memory: [mem 0x000f0000-0x000fffff]
[    0.000000] e820: [mem 0x20000000-0xfebfffff] available for PCI devices
[    0.000000] Booting paravirtualized kernel on KVM
[    0.000000] clocksource: refined-jiffies: mask: 0xffffffff max_cycles: 0xffffffff, max_idle_ns: 7645519600211568 ns
[    0.000000] setup_percpu: NR_CPUS:512 nr_cpumask_bits:512 nr_cpu_ids:2 nr_node_ids:1
[    0.000000] PERCPU: Embedded 34 pages/cpu @ffff88001fc00000 s98328 r8192 d32744 u1048576
[    0.000000] PV qspinlock hash table entries: 256 (order: 0, 4096 bytes)
[    0.000000] Built 1 zonelists in Node order, mobility grouping on.  Total pages: 128889
[    0.000000] Policy zone: DMA32
[    0.000000] Kernel command line: BOOT_IMAGE=/boot/vmlinuz-4.4.0-96-generic root=LABEL=cloudimg-rootfs ro console=tty1 console=ttyS0
[    0.000000] PID hash table entries: 2048 (order: 2, 16384 bytes)
[    0.000000] Memory: 485780K/523832K available (8479K kernel code, 1294K rwdata, 3984K rodata, 1492K init, 1316K bss, 38052K reserved, 0K cma-reserved)
[    0.000000] SLUB: HWalign=64, Order=0-3, MinObjects=0, CPUs=2, Nodes=1
[    0.000000] Hierarchical RCU implementation.
[    0.000000] 	Build-time adjustment of leaf fanout to 64.
[    0.000000] 	RCU restricting CPUs from NR_CPUS=512 to nr_cpu_ids=2.
[    0.000000] RCU: Adjusting geometry for rcu_fanout_leaf=64, nr_cpu_ids=2
[    0.000000] NR_IRQS:33024 nr_irqs:440 16
[    0.000000] Console: colour VGA+ 80x25
[    0.000000] console [tty1] enabled
[    0.000000] console [ttyS0] enabled
[    0.000000] tsc: Detected 3192.000 MHz processor
[    1.166211] Calibrating delay loop (skipped) preset value.. 6384.00 BogoMIPS (lpj=12768000)
[    1.182006] pid_max: default: 32768 minimum: 301
[    1.218610] ACPI: Core revision 20150930
[    1.225469] ACPI: 2 ACPI AML tables successfully acquired and loaded
[    1.237704] Security Framework initialized
[    1.255321] Yama: becoming mindful.
[    1.259924] AppArmor: AppArmor initialized
[    1.261397] Dentry cache hash table entries: 65536 (order: 7, 524288 bytes)
[    1.275300] Inode-cache hash table entries: 32768 (order: 6, 262144 bytes)
[    1.309136] Mount-cache hash table entries: 1024 (order: 1, 8192 bytes)
[    1.323745] Mountpoint-cache hash table entries: 1024 (order: 1, 8192 bytes)
[    1.349871] Initializing cgroup subsys io
[    1.365863] Initializing cgroup subsys memory
[    1.369189] Initializing cgroup subsys devices
[    1.384799] Initializing cgroup subsys freezer
[    1.391307] Initializing cgroup subsys net_cls
[    1.394895] Initializing cgroup subsys perf_event
[    1.401355] Initializing cgroup subsys net_prio
[    1.425700] Initializing cgroup subsys hugetlb
[    1.435693] Initializing cgroup subsys pids
[    1.441834] CPU: Physical Processor ID: 0
[    1.450626] CPU: Processor Core ID: 0
[    1.454264] mce: CPU supports 0 MCE banks
[    1.462302] Last level iTLB entries: 4KB 512, 2MB 7, 4MB 7
[    1.466266] Last level dTLB entries: 4KB 512, 2MB 32, 4MB 32, 1GB 0
[    1.492969] Freeing SMP alternatives memory: 32K
[    1.529734] ftrace: allocating 32146 entries in 126 pages
[    1.619702] smpboot: APIC(0) Converting physical 0 to logical package 0
[    1.665904] smpboot: Max logical packages: 1
[    1.684827] x2apic enabled
[    1.704441] Switched APIC routing to physical x2apic.
[    1.732542] ..TIMER: vector=0x30 apic1=0 pin1=2 apic2=-1 pin2=-1
[    1.849208] smpboot: CPU0: Intel(R) Core(TM) i3 CPU         550  @ 3.20GHz (family: 0x6, model: 0x25, stepping: 0x5)
[    1.917801] Performance Events: unsupported p6 CPU model 37 no PMU driver, software events only.
[    1.980470] KVM setup paravirtual spinlock
[    2.024009] x86: Booting SMP configuration:
[    2.043529] .... node  #0, CPUs:      #1
[    2.051572] kvm-clock: cpu 1, msr 0:1ffe3041, secondary cpu clock
[    2.056508] mce: CPU supports 0 MCE banks
[    2.064145] x86: Booted up 1 node, 2 CPUs
[    2.069824] smpboot: Total of 2 processors activated (12768.00 BogoMIPS)
[    2.071742] devtmpfs: initialized
[    2.085930] evm: security.selinux
[    2.103359] evm: security.SMACK64
[    2.138544] evm: security.SMACK64EXEC
[    2.141741] evm: security.SMACK64TRANSMUTE
[    2.142680] evm: security.SMACK64MMAP
[    2.148540] evm: security.ima
[    2.158065] evm: security.capability
[    2.180008] clocksource: jiffies: mask: 0xffffffff max_cycles: 0xffffffff, max_idle_ns: 7645041785100000 ns
[    2.209781] futex hash table entries: 512 (order: 3, 32768 bytes)
[    2.225260] pinctrl core: initialized pinctrl subsystem
[    2.226613] RTC time: 19:47:25, date: 10/03/17
[    2.237761] NET: Registered protocol family 16
[    2.257048] cpuidle: using governor ladder
[    2.280917] cpuidle: using governor menu
[    2.312607] PCCT header not found.
[    2.335410] ACPI: bus type PCI registered
[    2.363846] acpiphp: ACPI Hot Plug PCI Controller Driver version: 0.5
[    2.376192] PCI: Using configuration type 1 for base access
[    2.427046] ACPI: Added _OSI(Module Device)
[    2.455708] ACPI: Added _OSI(Processor Device)
[    2.460655] ACPI: Added _OSI(3.0 _SCP Extensions)
[    2.478393] ACPI: Added _OSI(Processor Aggregator Device)
[    2.489862] ACPI: Executed 1 blocks of module-level executable AML code
[    2.529794] ACPI: Interpreter enabled
[    2.555863] ACPI: (supports S0 S5)
[    2.580822] ACPI: Using IOAPIC for interrupt routing
[    2.596548] PCI: Using host bridge windows from ACPI; if necessary, use "pci=nocrs" and report a bug
[    2.655053] ACPI: PCI Root Bridge [PCI0] (domain 0000 [bus 00-ff])
[    2.680721] acpi PNP0A03:00: _OSC: OS supports [ASPM ClockPM Segments MSI]
[    2.702606] acpi PNP0A03:00: _OSC failed (AE_NOT_FOUND); disabling ASPM
[    2.716358] acpi PNP0A03:00: fail to add MMCONFIG information, can't access extended PCI configuration space under this bridge.
[    2.735329] PCI host bridge to bus 0000:00
[    2.741714] pci_bus 0000:00: root bus resource [io  0x0000-0x0cf7 window]
[    2.745378] pci_bus 0000:00: root bus resource [io  0x0d00-0xffff window]
[    2.785776] pci_bus 0000:00: root bus resource [mem 0x000a0000-0x000bffff window]
[    2.807595] pci_bus 0000:00: root bus resource [mem 0x20000000-0xffdfffff window]
[    2.821404] pci_bus 0000:00: root bus resource [bus 00-ff]
[    2.834483] pci 0000:00:01.1: legacy IDE quirk: reg 0x10: [io  0x01f0-0x01f7]
[    2.852859] pci 0000:00:01.1: legacy IDE quirk: reg 0x14: [io  0x03f6]
[    2.888114] pci 0000:00:01.1: legacy IDE quirk: reg 0x18: [io  0x0170-0x0177]
[    2.915747] pci 0000:00:01.1: legacy IDE quirk: reg 0x1c: [io  0x0376]
[    2.928773] pci 0000:00:07.0: quirk: [io  0x4000-0x403f] claimed by PIIX4 ACPI
[    2.943928] pci 0000:00:07.0: quirk: [io  0x4100-0x410f] claimed by PIIX4 SMB
[    2.994288] ACPI: PCI Interrupt Link [LNKA] (IRQs 5 9 10 *11)
[    3.024696] ACPI: PCI Interrupt Link [LNKB] (IRQs 5 9 10 *11)
[    3.034313] ACPI: PCI Interrupt Link [LNKC] (IRQs 5 9 *10 11)
[    3.051001] ACPI: PCI Interrupt Link [LNKD] (IRQs 5 *9 10 11)
[    3.057978] ACPI: Enabled 2 GPEs in block 00 to 07
[    3.077823] vgaarb: setting as boot device: PCI:0000:00:02.0
[    3.087601] vgaarb: device added: PCI:0000:00:02.0,decodes=io+mem,owns=io+mem,locks=none
[    3.119357] vgaarb: loaded
[    3.129064] vgaarb: bridge control possible 0000:00:02.0
[    3.150747] SCSI subsystem initialized
[    3.165114] ACPI: bus type USB registered
[    3.185485] usbcore: registered new interface driver usbfs
[    3.197929] usbcore: registered new interface driver hub
[    3.213687] usbcore: registered new device driver usb
[    3.219603] PCI: Using ACPI for IRQ routing
[    3.226823] NetLabel: Initializing
[    3.236024] NetLabel:  domain hash size = 128
[    3.250596] NetLabel:  protocols = UNLABELED CIPSOv4
[    3.278191] NetLabel:  unlabeled traffic allowed by default
[    3.303904] amd_nb: Cannot enumerate AMD northbridges
[    3.309147] clocksource: Switched to clocksource kvm-clock
[    3.365167] AppArmor: AppArmor Filesystem Enabled
[    3.376201] pnp: PnP ACPI init
[    3.416385] pnp: PnP ACPI: found 3 devices
[    3.467558] clocksource: acpi_pm: mask: 0xffffff max_cycles: 0xffffff, max_idle_ns: 2085701024 ns
[    3.522660] NET: Registered protocol family 2
[    3.575830] TCP established hash table entries: 4096 (order: 3, 32768 bytes)
[    3.592267] TCP bind hash table entries: 4096 (order: 4, 65536 bytes)
[    3.613981] TCP: Hash tables configured (established 4096 bind 4096)
[    3.645229] UDP hash table entries: 256 (order: 1, 8192 bytes)
[    3.727101] UDP-Lite hash table entries: 256 (order: 1, 8192 bytes)
[    3.741504] NET: Registered protocol family 1
[    3.743660] pci 0000:00:00.0: Limiting direct PCI/PCI transfers
[    3.758845] pci 0000:00:01.0: Activating ISA DMA hang workarounds
[    3.821543] Unpacking initramfs...
[    5.798079] Freeing initrd memory: 10704K
[    5.826677] platform rtc_cmos: registered platform RTC device (no PNP device found)
[    5.863813] Scanning for low memory corruption every 60 seconds
[    5.904498] audit: initializing netlink subsys (disabled)
[    5.908197] audit: type=2000 audit(1507060050.979:1): initialized
[    5.936437] Initialise system trusted keyring
[    5.966175] HugeTLB registered 2 MB page size, pre-allocated 0 pages
[    6.046395] zbud: loaded
[    6.058609] VFS: Disk quotas dquot_6.6.0
[    6.071554] VFS: Dquot-cache hash table entries: 512 (order 0, 4096 bytes)
[    6.085550] squashfs: version 4.0 (2009/01/31) Phillip Lougher
[    6.102136] fuse init (API version 7.23)
[    6.114336] Key type big_key registered
[    6.128614] Allocating IMA MOK and blacklist keyrings.
[    6.135417] Key type asymmetric registered
[    6.145590] Asymmetric key parser 'x509' registered
[    6.155012] Block layer SCSI generic (bsg) driver version 0.4 loaded (major 249)
[    6.182969] io scheduler noop registered
[    6.185110] io scheduler deadline registered (default)
[    6.206082] io scheduler cfq registered
[    6.221910] pci_hotplug: PCI Hot Plug PCI Core version: 0.5
[    6.292765] pciehp: PCI Express Hot Plug Controller Driver version: 0.4
[    6.355778] ACPI: AC Adapter [AC] (on-line)
[    6.379692] input: Power Button as /devices/LNXSYSTM:00/LNXPWRBN:00/input/input0
[    6.426110] ACPI: Power Button [PWRF]
[    6.436435] input: Sleep Button as /devices/LNXSYSTM:00/LNXSLPBN:00/input/input1
[    6.480239] ACPI: Sleep Button [SLPF]
[    6.506609] GHES: HEST is not enabled!
[    6.522949] Serial: 8250/16550 driver, 32 ports, IRQ sharing enabled
[    6.595787] 00:02: ttyS0 at I/O 0x3f8 (irq = 4, base_baud = 115200) is a 16550A
[    6.639014] Linux agpgart interface v0.103
[    6.676104] loop: module loaded
[    6.679534] scsi host0: ata_piix
[    6.680577] scsi host1: ata_piix
[    6.683116] ata1: PATA max UDMA/33 cmd 0x1f0 ctl 0x3f6 bmdma 0xd000 irq 14
[    6.724631] ata2: PATA max UDMA/33 cmd 0x170 ctl 0x376 bmdma 0xd008 irq 15
[    6.734905] libphy: Fixed MDIO Bus: probed
[    6.782590] tun: Universal TUN/TAP device driver, 1.6
[    6.793340] tun: (C) 1999-2004 Max Krasnyansky <maxk@qualcomm.com>
[    6.805309] PPP generic driver version 2.4.2
[    6.819834] ehci_hcd: USB 2.0 'Enhanced' Host Controller (EHCI) Driver
[    6.895393] tsc: Refined TSC clocksource calibration: 3192.000 MHz
[    6.919062] clocksource: tsc: mask: 0xffffffffffffffff max_cycles: 0x2e02c4a121d, max_idle_ns: 440795236083 ns
[    6.919191] ehci-pci: EHCI PCI platform driver
[    6.919242] ehci-platform: EHCI generic platform driver
[    6.919262] ohci_hcd: USB 1.1 'Open' Host Controller (OHCI) Driver
[    6.919266] ohci-pci: OHCI PCI platform driver
[    6.919277] ohci-platform: OHCI generic platform driver
[    6.919285] uhci_hcd: USB Universal Host Controller Interface driver
[    6.919371] i8042: PNP: PS/2 Controller [PNP0303:PS2K,PNP0f03:PS2M] at 0x60,0x64 irq 1,12
[    6.919899] serio: i8042 KBD port at 0x60,0x64 irq 1
[    6.919906] serio: i8042 AUX port at 0x60,0x64 irq 12
[    6.939503] mousedev: PS/2 mouse device common for all mice
[    6.939817] input: AT Translated Set 2 keyboard as /devices/platform/i8042/serio0/input/input2
[    6.940343] rtc_cmos rtc_cmos: rtc core: registered rtc_cmos as rtc0
[    6.940431] rtc_cmos rtc_cmos: alarms up to one day, 114 bytes nvram
[    6.940439] i2c /dev entries driver
[    6.940503] device-mapper: uevent: version 1.0.3
[    6.940570] device-mapper: ioctl: 4.34.0-ioctl (2015-10-28) initialised: dm-devel@redhat.com
[    6.940587] ledtrig-cpu: registered to indicate activity on CPUs
[    6.940922] NET: Registered protocol family 10
[    6.941122] NET: Registered protocol family 17
[    6.941134] Key type dns_resolver registered
[    6.941287] microcode: CPU0 sig=0x20655, pf=0x4, revision=0x616
[    6.948447] microcode: CPU1 sig=0x20655, pf=0x4, revision=0x616
[    6.948532] microcode: Microcode Update Driver: v2.01 <tigran@aivazian.fsnet.co.uk>, Peter Oruba
[    6.948682] registered taskstats version 1
[    6.948697] Loading compiled-in X.509 certificates
[    6.949573] Loaded X.509 cert 'Build time autogenerated kernel key: b1a6ea8776bed2812c00d8a799f968274ef48628'
[    6.949605] zswap: loaded using pool lzo/zbud
[    6.951347] Key type trusted registered
[    6.953717] Key type encrypted registered
[    6.953722] AppArmor: AppArmor sha1 policy hashing enabled
[    6.953726] ima: No TPM chip found, activating TPM-bypass!
[    6.953750] evm: HMAC attrs: 0x1
[    6.954205]   Magic number: 5:501:798
[    6.964187] rtc_cmos rtc_cmos: setting system clock to 2017-10-03 19:47:30 UTC (1507060050)
[    6.964313] BIOS EDD facility v0.16 2004-Jun-25, 0 devices found
[    6.964313] EDD information not available.
[    7.509365] Freeing unused kernel memory: 1492K
[    7.550719] Write protecting the kernel read-only data: 14336k
[    7.590333] Freeing unused kernel memory: 1748K
[    7.596348] Freeing unused kernel memory: 112K
Loading, please wait...
[    7.628552] random: systemd-udevd: uninitialized urandom read (16 bytes read, 3 bits of entropy available)
starting version[    7.631988] random: udevadm: uninitialized urandom read (16 bytes read, 3 bits of entropy available)
 229
[    7.632066] random: udevadm: uninitialized urandom read (16 bytes read, 3 bits of entropy available)
[    7.632246] random: udevadm: uninitialized urandom read (16 bytes read, 3 bits of entropy available)
[    7.632303] random: udevadm: uninitialized urandom read (16 bytes read, 3 bits of entropy available)
[    7.632360] random: udevadm: uninitialized urandom read (16 bytes read, 3 bits of entropy available)
[    7.632417] random: udevadm: uninitialized urandom read (16 bytes read, 3 bits of entropy available)
[    7.632472] random: udevadm: uninitialized urandom read (16 bytes read, 3 bits of entropy available)
[    7.632525] random: udevadm: uninitialized urandom read (16 bytes read, 3 bits of entropy available)
[    7.632581] random: udevadm: uninitialized urandom read (16 bytes read, 3 bits of entropy available)
[    7.818685] e1000: Intel(R) PRO/1000 Network Driver - version 7.3.21-k8-NAPI
[    7.828854] e1000: Copyright (c) 1999-2006 Intel Corporation.
[    7.845496] Fusion MPT base driver 3.04.20
[    7.850251] Copyright (c) 1999-2008 LSI Corporation
[    7.862572] Fusion MPT SPI Host driver 3.04.20
[    8.058652] input: ImExPS/2 Generic Explorer Mouse as /devices/platform/i8042/serio1/input/input4
[    8.222032] e1000 0000:00:03.0 eth0: (PCI:33MHz:32-bit) 02:a4:a0:f1:db:6e
[    8.243836] e1000 0000:00:03.0 eth0: Intel(R) PRO/1000 Network Connection
[    8.678173] e1000 0000:00:08.0 eth1: (PCI:33MHz:32-bit) 08:00:27:81:75:36
[    8.710572] e1000 0000:00:08.0 eth1: Intel(R) PRO/1000 Network Connection
[    8.732929] e1000 0000:00:03.0 enp0s3: renamed from eth0
[    8.780913] mptbase: ioc0: Initiating bringup
[    8.865843] e1000 0000:00:08.0 enp0s8: renamed from eth1
[    8.945622] ioc0: LSI53C1030 A0: Capabilities={Initiator}
[    9.175229] scsi host2: ioc0: LSI53C1030 A0, FwRev=00000000h, Ports=1, MaxQ=256, IRQ=20
[    9.298108] scsi 2:0:0:0: Direct-Access     VBOX     HARDDISK         1.0  PQ: 0 ANSI: 5
[    9.328401] scsi target2:0:0: Beginning Domain Validation
[    9.409049] scsi target2:0:0: Domain Validation skipping write tests
[    9.414569] scsi target2:0:0: Ending Domain Validation
[    9.415770] scsi target2:0:0: asynchronous
[    9.424360] scsi 2:0:1:0: Direct-Access     VBOX     HARDDISK         1.0  PQ: 0 ANSI: 5
[    9.445727] scsi target2:0:1: Beginning Domain Validation
[    9.477081] scsi target2:0:1: Domain Validation skipping write tests
[    9.481205] scsi target2:0:1: Ending Domain Validation
[    9.486525] scsi target2:0:1: asynchronous
[    9.504309] sd 2:0:0:0: [sda] 20971520 512-byte logical blocks: (10.7 GB/10.0 GiB)
[    9.504697] sd 2:0:0:0: Attached scsi generic sg0 type 0
[    9.529955] sd 2:0:1:0: Attached scsi generic sg1 type 0
[    9.530427] sd 2:0:1:0: [sdb] 20480 512-byte logical blocks: (10.5 MB/10.0 MiB)
[    9.530745] sd 2:0:1:0: [sdb] Write Protect is off
[    9.530945] sd 2:0:1:0: [sdb] Incomplete mode parameter data
[    9.530946] sd 2:0:1:0: [sdb] Assuming drive cache: write through
[    9.534373] sd 2:0:1:0: [sdb] Attached SCSI disk
[    9.794054] sd 2:0:0:0: [sda] Write Protect is off
[    9.819543] sd 2:0:0:0: [sda] Incomplete mode parameter data
[    9.847402] sd 2:0:0:0: [sda] Assuming drive cache: write through
[    9.850287]  sda: sda1
[    9.851923] sd 2:0:0:0: [sda] Attached SCSI disk
[   10.847753] floppy0: no floppy controllers found
Begin: Loading e[   12.272453] md: linear personality registered for level -1
ssential drivers[   12.280309] md: multipath personality registered for level -4
 ... [   12.304254] md: raid0 personality registered for level 0
[   12.324961] md: raid1 personality registered for level 1
[   12.397748] raid6: sse2x1   gen()  7281 MB/s
[   12.473277] raid6: sse2x1   xor()  3322 MB/s
[   12.557329] raid6: sse2x2   gen()  7426 MB/s
[   12.637359] raid6: sse2x2   xor()   997 MB/s
[   12.709556] raid6: sse2x4   gen()  9453 MB/s
[   12.789283] raid6: sse2x4   xor()  7093 MB/s
[   12.802497] raid6: using algorithm sse2x4 gen() 9453 MB/s
[   12.803768] raid6: .... xor() 7093 MB/s, rmw enabled
[   12.806305] raid6: using ssse3x2 recovery algorithm
[   12.833971] xor: measuring software checksum speed
[   12.953551]    prefetch64-sse:  9869.000 MB/sec
[   13.001317]    generic_sse:  8759.000 MB/sec
[   13.014495] xor: using function: prefetch64-sse (9869.000 MB/sec)
[   13.066739] async_tx: api initialized (async)
[   13.088083] md: raid6 personality registered for level 6
[   13.110602] md: raid5 personality registered for level 5
[   13.137896] md: raid4 personality registered for level 4
[   13.161405] md: raid10 personality registered for level 10
done.
Begin: Running /scripts/init-premount ... done.
Begin: Mounting root file system ... Beg[   13.234077] Btrfs loaded
in: Running /scripts/local-top ... done.
Begin: Running /scripts/local-premount ... Scanning for Btrfs filesystems
done.
Warning: fsck no[   13.283296] EXT4-fs (sda1): mounted filesystem with ordered data mode. Opts: (null)
t present, so skipping root file system
done.
Begin: Running /scripts/local-bottom ... done.
Begin: Running /scripts/init-bottom ... done.
[   13.491185] systemd[1]: systemd 229 running in system mode. (+PAM +AUDIT +SELINUX +IMA +APPARMOR +SMACK +SYSVINIT +UTMP +LIBCRYPTSETUP +GCRYPT +GNUTLS +ACL +XZ -LZ4 +SECCOMP +BLKID +ELFUTILS +KMOD -IDN)
[   13.616447] systemd[1]: Detected virtualization oracle.
[   13.732748] systemd[1]: Detected architecture x86-64.

Welcome to [1mUbuntu 16.04.3 LTS[0m!

[   13.774273] systemd[1]: Set hostname to <ubuntu>.
[   13.777839] systemd[1]: Initializing machine ID from random generator.
[   13.781528] systemd[1]: Installed transient /etc/machine-id file.
[   13.994551] systemd[1]: Listening on /dev/initctl Compatibility Named Pipe.
[[0;32m  OK  [0m] Listening on /dev/initctl Compatibility Named Pipe.
[   14.072793] systemd[1]: Listening on Journal Socket (/dev/log).
[[0;32m  OK  [0m] Listening on Journal Socket (/dev/log).
[   14.109677] systemd[1]: Reached target User and Group Name Lookups.
[[0;32m  OK  [0m] Reached target User and Group Name Lookups.
[   14.155526] systemd[1]: Reached target Swap.
[[0;32m  OK  [0m] Reached target Swap.
[   14.202003] systemd[1]: Listening on LVM2 poll daemon socket.
[[0;32m  OK  [0m] Listening on LVM2 poll daemon socket.
[   14.266089] systemd[1]: Started Trigger resolvconf update for networkd DNS.
[[0;32m  OK  [0m] Started Trigger resolvconf update for networkd DNS.
[   14.333670] systemd[1]: Listening on Journal Socket.
[[0;32m  OK  [0m] Listening on Journal Socket.
[   14.373893] systemd[1]: Listening on LVM2 metadata daemon socket.
[[0;32m  OK  [0m] Listening on LVM2 metadata daemon socket.
[   14.425596] systemd[1]: Reached target Encrypted Volumes.
[[0;32m  OK  [0m] Reached target Encrypted Volumes.
[   14.473851] systemd[1]: Started Forward Password Requests to Wall Directory Watch.
[[0;32m  OK  [0m] Started Forward Password Requests to Wall Directory Watch.
[   14.525800] systemd[1]: Created slice System Slice.
[[0;32m  OK  [0m] Created slice System Slice.
[   14.561583] systemd[1]: Starting Create list of required static device nodes for the current kernel...
         Starting Create list of required st... nodes for the current kernel...
[   14.737703] systemd[1]: Starting Uncomplicated firewall...
         Starting Uncomplicated firewall...
[   14.793449] systemd[1]: Mounting Huge Pages File System...
         Mounting Huge Pages File System...
[   14.881484] systemd[1]: Starting Nameserver information manager...
         Starting Nameserver information manager...
[   14.973668] systemd[1]: Mounting Debug File System...
         Mounting Debug File System...
[   15.008103] systemd[1]: Starting Load Kernel Modules...
         [   15.014998] Loading iSCSI transport class v2.0-870.
Starting Load Ke[   15.040166] iscsi: registered transport (tcp)
rnel Modules...
[   15.076806] iscsi: registered transport (iser)
[   15.081812] systemd[1]: Mounting POSIX Message Queue File System...
         Mounting POSIX Message Queue File System...
[   15.126189] systemd[1]: Created slice system-serial\x2dgetty.slice.
[[0;32m  OK  [0m] Created slice system-serial\x2dgetty.slice.
[   15.186268] systemd[1]: Listening on udev Control Socket.
[[0;32m  OK  [0m] Listening on udev Control Socket.
[   15.198054] systemd[1]: Listening on Journal Audit Socket.
[[0;32m  OK  [0m] Listening on Journal Audit Socket.
[   15.250447] systemd[1]: Created slice User and Session Slice.
[[0;32m  OK  [0m] Created slice User and Session Slice.
[   15.289755] systemd[1]: Reached target Slices.
[[0;32m  OK  [0m] Reached target Slices.
[   15.345797] systemd[1]: Set up automount Arbitrary Executable File Formats File System Automount Point.
[[0;32m  OK  [0m] Set up automount Arbitrary Executab...ats File System Automount Point.
[   15.433637] systemd[1]: Starting Set console keymap...
[   15.434436] random: nonblocking pool is initialized
         Starting Set console keymap...
[   15.530265] systemd[1]: Starting Remount Root and Kernel File Systems...
[   15.539899] EXT4-fs (sda1): re-mounted. Opts: (null)
         Starting Remount Root and Kernel File Systems...
[   15.613725] systemd[1]: Listening on Syslog Socket.
[[0;32m  OK  [0m] Listening on Syslog Socket.
[   15.737656] systemd[1]: Starting Journal Service...
         Starting Journal Service...
[   15.761501] systemd[1]: Listening on udev Kernel Socket.
[[0;32m  OK  [0m] Listening on udev Kernel Socket.
[   15.802018] systemd[1]: Listening on Device-mapper event daemon FIFOs.
[[0;32m  OK  [0m] Listening on Device-mapper event daemon FIFOs.
[   15.873730] systemd[1]: Starting Monitoring of LVM2 mirrors, snapshots etc. using dmeventd or progress polling...
         Starting Monitoring of LVM2 mirrors... dmeventd or progress polling...
[   15.894280] systemd[1]: Mounted POSIX Message Queue File System.
[[0;32m  OK  [0m] Mounted POSIX Message Queue File System.
[   15.964311] systemd[1]: Mounted Debug File System.
[[0;32m  OK  [0m] Mounted Debug File System.
[   16.018278] systemd[1]: Mounted Huge Pages File System.
[[0;32m  OK  [0m] Mounted Huge Pages File System.
[   16.070269] systemd[1]: Started Journal Service.
[[0;32m  OK  [0m] Started Journal Service.
[[0;32m  OK  [0m] Started Create list of required sta...ce nodes for the current kernel.
[[0;32m  OK  [0m] Started Uncomplicated firewall.
[[0;32m  OK  [0m] Started Load Kernel Modules.
[[0;32m  OK  [0m] Started Set console keymap.
[[0;32m  OK  [0m] Started Remount Root and Kernel File Systems.
[[0;32m  OK  [0m] Started Nameserver information manager.
[[0;32m  OK  [0m] Started LVM2 metadata daemon.
         Starting Load/Save Random Seed...
         Starting udev Coldplug all Devices...
         Starting Initial cloud-init job (pre-networking)...
         Mounting FUSE Control File System...
         Starting Apply Kernel Variables...
         Starting Create Static Device Nodes in /dev...
         Starting Flush Journal to Persistent Storage...
[[0;32m  OK  [0m] Mounted FUSE Control File System.
[[0;32m  OK  [0m] Started Load/Save Random Seed.
[[0;32m  OK  [0m] Started Apply Kernel Variables.
[[0;32m  OK  [0m] Started Create Static Device Nodes in /dev.
[[0;32m  OK  [0m] Started udev Coldplug all Devices.
[[0;32m  OK  [0m] Started Monitoring of LVM2 mirrors,...ng dmeventd or progress polling.
[[0;32m  OK  [0m] Started Flush Journal to Persistent Storage.
         Starting udev Kernel Device Manager...
[[0;32m  OK  [0m] Started udev Kernel Device Manager.
[[0;32m  OK  [0m] Started Dispatch Password Requests to Console Directory Watch.
[[0;32m  OK  [0m] Reached target Local File Systems (Pre).
[[0;32m  OK  [0m] Reached target Local File Systems.
         Starting Commit a transient machine-id on disk...
         Starting Tell Plymouth To Write Out Runtime Data...
         Starting Set console font and keymap...
         Starting LSB: AppArmor initialization...
         Starting Create Volatile Files and Directories...
[[0;32m  OK  [0m] Started Commit a transient machine-id on disk.
[[0;32m  OK  [0m] Started Tell Plymouth To Write Out Runtime Data.
[[0;32m  OK  [0m] Started Create Volatile Files and Directories.
         Starting Update UTMP about System Boot/Shutdown...
[[0;32m  OK  [0m] Reached target System Time Synchronized.
[[0;32m  OK  [0m] Started Update UTMP about System Boot/Shutdown.
[[0;32m  OK  [0m] Found device /dev/ttyS0.
[[0;32m  OK  [0m] Listening on Load/Save RF Kill Switch Status /dev/rfkill Watch.
[   15.642732] cloud-init[440]: Cloud-init v. 0.7.9 running 'init-local' at Tue, 03 Oct 2017 19:47:41 +0000. Up 15.07 seconds.
[[0;32m  OK  [0m] Started Initial cloud-init job (pre-networking).
[[0;32m  OK  [0m] Started LSB: AppArmor initialization.
[[0;32m  OK  [0m] Reached target Network (Pre).
         Starting Raise network interfaces...
[[0;32m  OK  [0m] Started Set console font and keymap.
[[0;32m  OK  [0m] Created slice system-getty.slice.
[[0;32m  OK  [0m] Started Raise network interfaces.
[[0;32m  OK  [0m] Reached target Network.
         Starting Initial cloud-init job (metadata service crawler)...
[   18.933183] cloud-init[938]: Cloud-init v. 0.7.9 running 'init' at Tue, 03 Oct 2017 19:47:44 +0000. Up 18.01 seconds.
[[0;32m  OK  [0m] Started Initial cloud-init job (metadata service crawler).
[[0;32m  OK  [0m] Reached target Network is Online.
[   19.038436] cloud-init[938]: ci-info: ++++++++++++++++++++++++++++++++++++++Net device info++++++++++++++++++++++++++++++++++++++
[   19.188670] cloud-init[938]: ci-info: +--------+-------+----------------------------+---------------+-------+-------------------+
[   19.267734] cloud-init[938]: ci-info: | Device |   Up  |          Address           |      Mask     | Scope |     Hw-Address    |
[   19.268267] cloud-init[938]: ci-info: +--------+-------+----------------------------+---------------+-------+-------------------+
         Starting iSCSI initiator daemon (iscsid)...
[[   19.268460] cloud-init[938]: ci-info: |   lo   |  True |         127.0.0.1          |   255.0.0.0   |   .   |         .         |
[   19.473729] cloud-init[938]: ci-info: |   lo   |  True |          ::1/128           |       .       |  host |         .         |
[0;32m  OK  [0m] Reached target System Initialization.
[[   19.473911] cloud-init[938]: ci-info: | enp0s8 | False |             .              |       .       |   .   | 08:00:27:81:75:36 |
[   19.605633] cloud-init[938]: ci-info: | enp0s3 |  True |         10.0.2.15          | 255.255.255.0 |   .   | 02:a4:a0:f1:db:6e |[0;32m  OK  [0m
] Started Daily Cleanup of Temporary Directories.
[   19.605832] cloud-init[938]: ci-info: | enp0s3 |  True | fe80::a4:a0ff:fef1:db6e/64 |       .       |  link | 02:a4:a0:f1:db:6e |
[   19.776431] cloud-init[938]: ci-info: +--------+-------+----------------------------+---------------+-------+-------------------+
[[0;32m  OK  [0m] Started Timer to automatically refresh installed snaps.
[   19.776796] cloud-init[938]: ci-info: +++++++++++++++++++++++++++Route IPv4 info++++++++++++++++++++++++++++
[   19.980504] cloud-init[938]: ci-info: +-------+-------------+----------+---------------+-----------+-------+
[   19.980928] cloud-init[938]: ci-info: | Route | Destination | Gateway  |    Genmask    | Interface | Flags |
[[0;32m  OK  [0m] Listening on D-Bus System Message Bus Socket.
[[   19.981229] cloud-init[938]: ci-info: +-------+-------------+----------+---------------+-----------+-------+
[   20.145223] cloud-init[938]: ci-info: |   0   |   0.0.0.0   | 10.0.2.2 |    0.0.0.0    |   enp0s3  |   UG  |
[0;32m  OK  [0m] Listening on ACPID Listen Socket.
[   20.145390] cloud-init[938]: ci-info: |   1   |   10.0.2.0  | 0.0.0.0  | 255.255.255.0 |   enp0s3  |   U   |
[   20.291734] cloud-init[938]: ci-info: +-------+-------------+----------+---------------+-----------+-------+
[[0;32m  OK  [0m] Started ACPI Events Check.
[   20.292355] cloud-init[938]: Generating public/private rsa key pair.
[   20.392554] cloud-init[938]: Your identification has been saved in /etc/ssh/ssh_host_rsa_key.
[   20.392935] cloud-init[938]: Your public key has been saved in /etc/ssh/ssh_host_rsa_key.pub.
[[0;32m  OK  [0m] Reached target Paths.
[[   20.393336] cloud-init[938]: The key fingerprint is:
[   20.561151] cloud-init[938]: SHA256:iMCtAMr9uU6uAMxwO8gtLefercjZg00WSqY+cybABeg root@ubuntu-xenial
[0;32m  OK  [0m] Started Timer to automatically fetch and run repair assertions.
[[   20.561427] cloud-init[938]: The key's randomart image is:
[   20.641409] cloud-init[938]: +---[RSA 2048]----+
[0;32m  OK  [0m] Started Daily apt download activities.
[[   20.641662] cloud-init[938]: |o                |
[   20.713723] cloud-init[938]: |=o..             |
[0;32m  OK  [0m] Started Daily apt upgrade and clean activities.
[[   20.714034] cloud-init[938]: |=.=..            |
[   20.777053] cloud-init[938]: |=EoB.o..         |
[0;32m  OK  [0m] Reached target Timers.
[   20.777152] cloud-init[938]: |+*O+ooo S        |
[   20.876622]          cloud-initStarting LXD - unix socket.[938]: 
|oo=o o.          |
[   20.928489] cloud-init[938]: |o. .=o           |
[   20.928907] cloud-init[938]: | =++Oo.          |
         Starting Socket activation for snappy daemon.
[[   20.929075] cloud-init[938]: |  **.*o.         |
[   21.041382] cloud-init[938]: +----[SHA256]-----+
[0;32m  OK  [0m] Listening on UUID daemon activation socket.
[[   21.041496] cloud-init[938]: Generating public/private dsa key pair.
[   21.114873] cloud-init[938]: Your identification has been saved in /etc/ssh/ssh_host_dsa_key.
[0;32m  OK  [0m] Reached target Cloud-config availability.
[   21.115103] cloud-init[938]: Your public key has been saved in /etc/ssh/ssh_host_dsa_key.pub.
[   21.348779] cloud-init[938]: The key fingerprint is:
[[0;32m  OK  [0m] Listening on LXD - unix socket.
[[0;32m  OK  [0m] Listening on Socket activation for snappy daemon.
[[0;32m  OK  [0m] Started iSCSI initiator daemon (iscsid).
[   21.407156] cloud-init[938]: SHA256:8IOS5GZzZ58FzW+ueslsKHSA8uoXCoTHYvr2NfieKZg root@ubuntu-xenial
[   21.612573] cloud-init[938]: The key's randomart image is:
         Starting Login to default iSCSI targets...
[[0;32m  OK  [0m] Reached target Sockets.
[[0;32m  OK  [0m] Reached target Basic System.
[   21.651805] cloud-init[938]: +---[DSA 1024]----+
[   21.760820] cloud-init[938]: |                 |
[   21.780306] cloud-init[938]: |           o     |
         [   21.808841] cloud-init[938]: | o  . ..  . o    |
[   21.809428] cloud-init[938]: |o.+o...+.  . .   |
[   21.809604] cloud-init[938]: |o+  Boo S.  . o  |
[   21.809752] cloud-init[938]: |. .o =oo.o.o o   |
[   21.809858] cloud-init[938]: | . +.ooo .o+ ..  |
[   21.809971] cloud-init[938]: |  E +o.+. . *.   |
[   21.810069] cloud-init[938]: | . oo+=  ..+.    |
[   21.810178] cloud-init[938]: +----[SHA256]-----+
[   21.810279] cloud-init[938]: Generating public/private ecdsa key pair.
[   21.810400] cloud-init[938]: Your identification has been saved in /etc/ssh/ssh_host_ecdsa_key.
[   21.810512] cloud-init[938]: Your public key has been saved in /etc/ssh/ssh_host_ecdsa_key.pub.
[   21.810642] cloud-init[938]: The key fingerprint is:
[   21.810781] cloud-init[938]: SHA256:vMpCA6Q7tW0zvYg/zZo9fh/UmIV6cj79HDX/lvXjaKY root@ubuntu-xenial
[   21.810879] cloud-init[938]: The key's randomart image is:
[   21.810995] cloud-init[938]: +---[ECDSA 256]---+
[   21.811146] cloud-init[938]: |                 |
[   21.811218] cloud-init[938]: |  .        .     |
[   21.811340] cloud-init[938]: | o        . .    |
[   21.811453] cloud-init[938]: |. o    . . =     |
[   21.811532] cloud-init[938]: | o + .  S * .  ..|
[   21.811671] cloud-init[938]: |o . B .  B .   .+|
[   21.811791] cloud-init[938]: | . + B .. + . . =|
[   21.811907] cloud-init[938]: |  . ++=..  o =.++|
[   21.812032] cloud-init[938]: Starting LSB: MD monitoring daemon...
|   .+==o ..E+.+oo|
[[0;32m  OK  [0m] Started Deferred execution scheduler.
[   22.635343] cloud-init[938]: +----[SHA256]-----+
[   22.653493] cloud-init[938]: Generating public/private ed25519 key pair.
[   22.688414] cloud-init         [938]: Starting Accounts Service...Your identification has been saved in /etc/ssh/ssh_host_ed25519_key.

[   22.756681] [cloud-init[0;32m  OK  [0m[938]: ] Your public key has been saved in /etc/ssh/ssh_host_ed25519_key.pub.Started Unattended Upgrades Shutdown.

[   22.757255] cloud-init[938]: The key fingerprint is:
[   22.814970]          cloud-initStarting /etc/rc.local Compatibility...[938]: 
SHA256:pVQrFGrshklDrJYg6n6EgNkFDALOloSm0Nhqgs+1Y7E root@ubuntu-xenial
[   22.832922] [cloud-init[0;32m  OK  [0m[938]: ] The key's randomart image is:Started FUSE filesystem for LXC.

[   22.833495] cloud-init[938]: +--[ED25519 256]--+
[   22.889798] [cloud-init[0;32m  OK  [0m[938]: ] |*B.o.   o..      |Started Regular background program processing daemon.

[   22.890600] cloud-init[938]: |@.=.o. o . .     |
[[0;32m  OK  [0m] Started ACPI event daemon.
[   22.956678] cloud-init[938]: |OX +o + o o      |
[   23.032873] cloud-init[938]: |@.=.o* . +       |
         Starting Snappy daemon...
[   23.033567] cloud-init[938]: |=+..o+o S        |
         Starting LSB: Record successful boot for GRUB...
[   23.068644] cloud-init[938]: | oo.E.           |
         Starting Login Service...
[   23.111557] cloud-init[938]: |. .. .           |
[   23.124955] cloud-init[938]: | . .             |
         Starting Pollinate to seed the pseudo random number generator...
         Starting Apply the settings specified in cloud-config...
[   23.130752] cloud-init[938]: |  .              |
[   23.243025]          cloud-initStarting System Logging Service...[938]: 
+----[SHA256]-----+
[[0;32m  OK  [0m] Started D-Bus System Message Bus.
         Starting LXD - container startup/shutdown...
[[0;32m  OK  [0m] Started Snappy daemon.
[[0;32m  OK  [0m] Started System Logging Service.
[[0;32m  OK  [0m] Started /etc/rc.local Compatibility.
[[0;32m  OK  [0m] Started LSB: MD monitoring daemon.
[[0;32m  OK  [0m] Started Login to default iSCSI targets.
[[0;32m  OK  [0m] Started LSB: Record successful boot for GRUB.
[[0;32m  OK  [0m] Started LXD - container startup/shutdown.
[[0;32m  OK  [0m] Started Login Service.
         Starting Authenticate and Authorize Users to Run Privileged Tasks...
[[0;32m  OK  [0m] Reached target Remote File Systems (Pre).
[[0;32m  OK  [0m] Reached target Remote File Systems.
         Starting LSB: Set the CPU Frequency Scaling governor to "ondemand"...
         Starting LSB: daemon to balance interrupts for SMP systems...
         Starting LSB: automatic crash report generation...
         Starting LSB: VirtualBox Linux Additions...
[   23.788649] cloud-init[1084]: Generating locales (this might take a while)...
         Starting Permit User Sessions...
         Starting Auto import assertions from block devices...
[[0;32m  OK  [0m] Started Permit User Sessions.
[[0;32m  OK  [0m] Started Pollinate to seed the pseudo random number generator.
[[0;32m  OK  [0m] Started Auto import assertions from block devices.
[[0;32m  OK  [0m] Started Authenticate and Authorize Users to Run Privileged Tasks.
[[0;32m  OK  [0m] Started Accounts Service.
[[0;32m  OK  [0m] Started LSB: Set the CPU Frequency Scaling governor to "ondemand".
[[0;32m  OK  [0m] Started LSB: daemon to balance interrupts for SMP systems.
         Starting OpenBSD Secure Shell server...
         Starting Terminate Plymouth Boot Screen...
         Starting Hold until boot process finishes up...
[[0;32m  OK  [0m] Started OpenBSD Secure Shell server.
[[0;32m  OK  [0m] Started LSB: automatic crash report generation.
[[0;32m  OK  [0m] Started LSB: VirtualBox Linux Additions.
[[0;32m  OK  [0m] Started Terminate Plymouth Boot Screen.
[[0;32m  OK  [0m] Started Hold until boot process finishes up.
[[0;32m  OK  [0m] Started Serial Getty on ttyS0.
[[0;32m  OK  [0m] Started Getty on tty1.
[[0;32m  OK  [0m] Reached target Login Prompts.
         Starting Set console scheme...
[[0;32m  OK  [0m] Reached target Multi-User System.
[[0;32m  OK  [0m] Reached target Graphical Interface.
         Starting Update UTMP about System Runlevel Changes...
[[0;32m  OK  [0m] Started Set console scheme.
[[0;32m  OK  [0m] Started Update UTMP about System Runlevel Changes.
[   25.112045] cloud-init[1084]:   en_US.UTF-8... done
[   25.125171] cloud-init[1084]: Generation complete.
         Stopping OpenBSD Secure Shell server...
[[0;32m  OK  [0m] Stopped OpenBSD Secure Shell server.
         Starting OpenBSD Secure Shell server...
[[0;32m  OK  [0m] Started OpenBSD Secure Shell server.
[[0;32m  OK  [0m] Created slice User Slice of ubuntu.
         Starting User Manager for UID 1000...
[[0;32m  OK  [0m] Started Session 1 of user ubuntu.
[[0;32m  OK  [0m] Started User Manager for UID 1000.
[   25.842906] cloud-init[1084]: Cloud-init v. 0.7.9 running 'modules:config' at Tue, 03 Oct 2017 19:47:49 +0000. Up 23.62 seconds.
[[0;32m  OK  [0m] Started Apply the settings specified in cloud-config.
         Starting Execute cloud user/final scripts...
ci-info: no authorized ssh keys fingerprints found for user ubuntu.
<14>Oct  3 19:47:53 ec2: 
<14>Oct  3 19:47:53 ec2: #############################################################
<14>Oct  3 19:47:53 ec2: -----BEGIN SSH HOST KEY FINGERPRINTS-----
<14>Oct  3 19:47:53 ec2: 1024 SHA256:8IOS5GZzZ58FzW+ueslsKHSA8uoXCoTHYvr2NfieKZg root@ubuntu-xenial (DSA)
<14>Oct  3 19:47:53 ec2: 256 SHA256:vMpCA6Q7tW0zvYg/zZo9fh/UmIV6cj79HDX/lvXjaKY root@ubuntu-xenial (ECDSA)
<14>Oct  3 19:47:53 ec2: 256 SHA256:pVQrFGrshklDrJYg6n6EgNkFDALOloSm0Nhqgs+1Y7E root@ubuntu-xenial (ED25519)
<14>Oct  3 19:47:53 ec2: 2048 SHA256:iMCtAMr9uU6uAMxwO8gtLefercjZg00WSqY+cybABeg root@ubuntu-xenial (RSA)
<14>Oct  3 19:47:53 ec2: -----END SSH HOST KEY FINGERPRINTS-----
<14>Oct  3 19:47:53 ec2: #############################################################
-----BEGIN SSH HOST KEY KEYS-----
ecdsa-sha2-nistp256 AAAAE2VjZHNhLXNoYTItbmlzdHAyNTYAAAAIbmlzdHAyNTYAAABBBG8+Ej4TgUzvr0oMeUEPGvBU5vW9qv5FEpccDe+lGTHpehhH1gzzySC6eF1arM5jkDCC7O2x5MLnkJRn5WurOok= root@ubuntu-xenial
ssh-ed25519 AAAAC3NzaC1lZDI1NTE5AAAAIL2th0pTiUkHnW8Qrbugwfhxg9o8KN/HFZ6dEg4hgB+o root@ubuntu-xenial
ssh-rsa AAAAB3NzaC1yc2EAAAADAQABAAABAQDHRTLW+dLPv3X/0Z6Pw2bcPdCRzPLmH1OCbeYQ8qYtgi6g/XIxmsR6CdhZatjQEAInm1KJSNYFEeACVWadWzgImTyOOkqEiGTe3OER5IjXsDN75zL7yGYDQkmHilZtxr9PsXPL9nt6EZHpEsUsbijGfvH+DEk2bSK3qamvlBD7O2TcmE0dacnZ3/1ZQbV398ZWLZe6AZgp8e9VF2PE55EJdo18zt4gzVe3ANAaNRYRLwdLeFLa8YDxVwDycuPJ8XHqmsgXWM8YIos++7qCjTGUFZE6DoSkDTDQ3dxBmEXDQUK6MIwawzjRgdqPIHVFFw24Tv9dlZKkJNbI+PwnaMz7 root@ubuntu-xenial
-----END SSH HOST KEY KEYS-----
[   27.239573] cloud-init[1339]: Cloud-init v. 0.7.9 running 'modules:final' at Tue, 03 Oct 2017 19:47:52 +0000. Up 26.46 seconds.
[   27.251620] cloud-init[1339]: ci-info: no authorized ssh keys fingerprints found for user ubuntu.
[   27.263358] cloud-init[1339]: Cloud-init v. 0.7.9 finished at Tue, 03 Oct 2017 19:47:53 +0000. Datasource DataSourceNoCloud [seed=/dev/sdb][dsmode=net].  Up 27.23 seconds
[[0;32m  OK  [0m] Started Execute cloud user/final scripts.
[[0;32m  OK  [0m] Reached target Cloud-init target.

Ubuntu 16.04.3 LTS appserver ttyS0

appserver login: 